Flow report for Cpu_pipline
Sun Nov 24 20:37:25 2019
Quartus Prime Version 18.1.0 Build 625 09/12/2018 SJ Lite Edition


---------------------
; Table of Contents ;
---------------------
  1. Legal Notice
  2. Flow Summary
  3. Flow Settings
  4. Flow Non-Default Global Settings
  5. Flow Elapsed Time
  6. Flow OS Summary
  7. Flow Log
  8. Flow Messages
  9. Flow Suppressed Messages



----------------
; Legal Notice ;
----------------
Copyright (C) 2018  Intel Corporation. All rights reserved.
Your use of Intel Corporation's design tools, logic functions 
and other software and tools, and its AMPP partner logic 
functions, and any output files from any of the foregoing 
(including device programming or simulation files), and any 
associated documentation or information are expressly subject 
to the terms and conditions of the Intel Program License 
Subscription Agreement, the Intel Quartus Prime License Agreement,
the Intel FPGA IP License Agreement, or other applicable license
agreement, including, without limitation, that your use is for
the sole purpose of programming logic devices manufactured by
Intel and sold by Intel or its authorized distributors.  Please
refer to the applicable agreement for further details.



+----------------------------------------------------------------------------------+
; Flow Summary                                                                     ;
+------------------------------------+---------------------------------------------+
; Flow Status                        ; Successful - Sun Nov 24 20:37:25 2019       ;
; Quartus Prime Version              ; 18.1.0 Build 625 09/12/2018 SJ Lite Edition ;
; Revision Name                      ; Cpu_pipline                                 ;
; Top-level Entity Name              ; Cpu_pipline                                 ;
; Family                             ; Cyclone IV E                                ;
; Device                             ; EP4CE115F23C7                               ;
; Timing Models                      ; Final                                       ;
; Total logic elements               ; 4,114                                       ;
;     Total combinational functions  ; 3,588                                       ;
;     Dedicated logic registers      ; 1,600                                       ;
; Total registers                    ; 1600                                        ;
; Total pins                         ; 417                                         ;
; Total virtual pins                 ; 0                                           ;
; Total memory bits                  ; 2,048                                       ;
; Embedded Multiplier 9-bit elements ; 0                                           ;
; Total PLLs                         ; 0                                           ;
+------------------------------------+---------------------------------------------+


+-----------------------------------------+
; Flow Settings                           ;
+-------------------+---------------------+
; Option            ; Setting             ;
+-------------------+---------------------+
; Start date & time ; 11/24/2019 20:00:31 ;
; Main task         ; Compilation         ;
; Revision Name     ; Cpu_pipline         ;
+-------------------+---------------------+


+-----------------------------------------------------------------------------------------------------------------------------+
; Flow Non-Default Global Settings                                                                                            ;
+-------------------------------------+----------------------------------------+---------------+-------------+----------------+
; Assignment Name                     ; Value                                  ; Default Value ; Entity Name ; Section Id     ;
+-------------------------------------+----------------------------------------+---------------+-------------+----------------+
; COMPILER_SIGNATURE_ID               ; 123478087509877.157463642911000        ; --            ; --          ; --             ;
; EDA_OUTPUT_DATA_FORMAT              ; Vhdl                                   ; --            ; --          ; eda_simulation ;
; EDA_SIMULATION_TOOL                 ; ModelSim (VHDL)                        ; <None>        ; --          ; --             ;
; EDA_TIME_SCALE                      ; 1 ps                                   ; --            ; --          ; eda_simulation ;
; MAX_CORE_JUNCTION_TEMP              ; 85                                     ; --            ; --          ; --             ;
; MIN_CORE_JUNCTION_TEMP              ; 0                                      ; --            ; --          ; --             ;
; NOMINAL_CORE_SUPPLY_VOLTAGE         ; 1.2V                                   ; --            ; --          ; --             ;
; PARTITION_COLOR                     ; -- (Not supported for targeted family) ; --            ; --          ; Top            ;
; PARTITION_FITTER_PRESERVATION_LEVEL ; -- (Not supported for targeted family) ; --            ; --          ; Top            ;
; PARTITION_NETLIST_TYPE              ; -- (Not supported for targeted family) ; --            ; --          ; Top            ;
; PROJECT_OUTPUT_DIRECTORY            ; output_files                           ; --            ; --          ; --             ;
+-------------------------------------+----------------------------------------+---------------+-------------+----------------+


+--------------------------------------------------------------------------------------------------------------------------+
; Flow Elapsed Time                                                                                                        ;
+----------------------+--------------+-------------------------+---------------------+------------------------------------+
; Module Name          ; Elapsed Time ; Average Processors Used ; Peak Virtual Memory ; Total CPU Time (on all processors) ;
+----------------------+--------------+-------------------------+---------------------+------------------------------------+
; Analysis & Synthesis ; 00:00:39     ; 1.0                     ; 4825 MB             ; 00:00:33                           ;
; EDA Netlist Writer   ; 00:00:05     ; 1.0                     ; 4646 MB             ; 00:00:03                           ;
; EDA Netlist Writer   ; 00:00:12     ; 1.0                     ; 4655 MB             ; 00:00:04                           ;
; EDA Netlist Writer   ; 00:00:10     ; 1.0                     ; 4649 MB             ; 00:00:03                           ;
; EDA Netlist Writer   ; 00:00:15     ; 1.0                     ; 4655 MB             ; 00:00:04                           ;
; Total                ; 00:01:21     ; --                      ; --                  ; 00:00:47                           ;
+----------------------+--------------+-------------------------+---------------------+------------------------------------+


+------------------------------------------------------------------------------------+
; Flow OS Summary                                                                    ;
+----------------------+------------------+------------+------------+----------------+
; Module Name          ; Machine Hostname ; OS Name    ; OS Version ; Processor type ;
+----------------------+------------------+------------+------------+----------------+
; Analysis & Synthesis ; Christopher      ; Windows 10 ; 10.0       ; x86_64         ;
; EDA Netlist Writer   ; Christopher      ; Windows 10 ; 10.0       ; x86_64         ;
; EDA Netlist Writer   ; Christopher      ; Windows 10 ; 10.0       ; x86_64         ;
; EDA Netlist Writer   ; Christopher      ; Windows 10 ; 10.0       ; x86_64         ;
; EDA Netlist Writer   ; Christopher      ; Windows 10 ; 10.0       ; x86_64         ;
+----------------------+------------------+------------+------------+----------------+


------------
; Flow Log ;
------------
quartus_map --read_settings_files=on --write_settings_files=off Cpu_pipline -c Cpu_pipline
quartus_eda --gen_testbench --tool=modelsim_oem --format=vhdl --write_settings_files=off Cpu_pipline -c Cpu_pipline --vector_source="E:/Vhdl pipline final/Cpu_pipline/Waveform.vwf" --testbench_file="E:/Vhdl pipline final/Cpu_pipline/simulation/qsim/Waveform.vwf.vht"
quartus_eda --write_settings_files=off --simulation=on --functional=on --flatten_buses=off --tool=modelsim_oem --format=vhdl --output_directory="E:/Vhdl pipline final/Cpu_pipline/simulation/qsim/" Cpu_pipline -c Cpu_pipline
quartus_eda --gen_testbench --tool=modelsim_oem --format=vhdl --write_settings_files=off Cpu_pipline -c Cpu_pipline --vector_source="E:/Vhdl pipline final/Cpu_pipline/Waveform.vwf" --testbench_file="E:/Vhdl pipline final/Cpu_pipline/simulation/qsim/Waveform.vwf.vht"
quartus_eda --write_settings_files=off --simulation=on --functional=on --flatten_buses=off --tool=modelsim_oem --format=vhdl --output_directory="E:/Vhdl pipline final/Cpu_pipline/simulation/qsim/" Cpu_pipline -c Cpu_pipline



